[00:13:46] [main/INFO] (Launcher) ModLauncher running: args [--launchTarget, forgeclientuserdev, --version, 21.1.84, --assetIndex, 1.21.1-17, --assetsDir, E:\.gradle\caches\fabric-loom\assets, --gameDir, ., --fml.neoForgeVersion, 21.1.84, --fml.fmlVersion, 4.0.34, --fml.mcVersion, 1.21.1, --fml.neoFormVersion, 20240808.144430]
[00:13:46] [main/INFO] (Launcher) JVM identified as GraalVM Community OpenJDK 64-Bit Server VM 21.0.2+13-jvmci-23.1-b30
[00:13:46] [main/INFO] (Launcher) ModLauncher 11.0.4+main.d2e20e43 starting: java version 21.0.2 by GraalVM Community; OS Windows 11 arch amd64 version 10.0
[00:13:46] [main/INFO] (ImmediateWindowHandler) Loading ImmediateWindowProvider fmlearlywindow
[00:13:46] [main/INFO] (EARLYDISPLAY) Trying GL version 4.6
[00:13:47] [main/INFO] (EARLYDISPLAY) Requested GL version 4.6 got version 4.6
[00:13:47] [main/INFO] (mixin) SpongePowered MIXIN Subsystem Version=0.8.7 Source=union:/E:/.gradle/caches/modules-2/files-2.1/net.fabricmc/sponge-mixin/0.15.2+mixin.0.8.7/2af2f021d8e02a0220dc27a7a72b4666d66d44ca/sponge-mixin-0.15.2+mixin.0.8.7.jar%23119!/ Service=ModLauncher Env=CLIENT
[00:13:47] [main/INFO] (ModDiscoverer) Found mod file "neoforge-21.1.84-minecraft-merged-1.21.1-loom.mappings.1_21_1.layered+hash.40359-v2-neoforge-21.1.84.jar" [locator: neoforge devenv provider ([E:\.gradle\caches\fabric-loom\minecraftMaven\net\minecraft\neoforge-21.1.84-minecraft-merged\1.21.1-loom.mappings.1_21_1.layered+hash.40359-v2-neoforge-21.1.84\neoforge-21.1.84-minecraft-merged-1.21.1-loom.mappings.1_21_1.layered+hash.40359-v2-neoforge-21.1.84.jar])]
[00:13:47] [main/INFO] (ModDiscoverer) Found mod file "neoforge-21.1.84-minecraft-merged-1.21.1-loom.mappings.1_21_1.layered+hash.40359-v2-neoforge-21.1.84.jar" [locator: neoforge devenv provider ([E:\.gradle\caches\fabric-loom\minecraftMaven\net\minecraft\neoforge-21.1.84-minecraft-merged\1.21.1-loom.mappings.1_21_1.layered+hash.40359-v2-neoforge-21.1.84\neoforge-21.1.84-minecraft-merged-1.21.1-loom.mappings.1_21_1.layered+hash.40359-v2-neoforge-21.1.84.jar])]
[00:13:47] [main/INFO] (ModDiscoverer) Found mod file "main" [locator: userdev mods and services, reader: mod manifest]
[00:13:47] [main/INFO] (ModDiscoverer) Found mod file "neoforge-21.1.84-minecraft-merged-1.21.1-loom.mappings.1_21_1.layered+hash.40359-v2-neoforge-21.1.84.jar" [locator: userdev mods and services, reader: mod manifest]
[00:13:47] [main/INFO] (ModDiscoverer) Found mod file "architectury-neoforge-13.0.8.jar" [locator: userdev mods and services, reader: mod manifest]
[00:13:47] [main/INFO] (ModDiscoverer) Found mod file "6214074436835415186.jar" [locator: userdev mods and services, reader: mod manifest]
[00:13:47] [pool-5-thread-1/INFO] (EARLYDISPLAY) GL info: NVIDIA GeForce RTX 3060 Laptop GPU/PCIe/SSE2 GL version 4.6.0 NVIDIA 572.42, NVIDIA Corporation
[00:13:47] [main/INFO] (ModDiscoverer) Found gamelibrary file "mixinextras-neoforge-0.4.1.jar" [locator: userdev mods and services, reader: mod manifest]
[00:13:47] [main/WARN] (JarSelector) Attempted to select a dependency jar for JarJar which was passed in as source: library:mixinextras.neoforge. Using Mod File: E:\.gradle\caches\modules-2\files-2.1\io.github.llamalad7\mixinextras-neoforge\0.4.1\eff97772ecd0dcf8e52cdbafd3b3ccec425f8314\mixinextras-neoforge-0.4.1.jar
[00:13:47] [main/INFO] (JarInJarDependencyLocator) Found 1 dependencies adding them to mods collection
[00:13:47] [main/INFO] (ModDiscoverer) Found library file "neoforge-coremods-21.1.84.jar" [parent: neoforge-21.1.84-minecraft-merged-1.21.1-loom.mappings.1_21_1.layered+hash.40359-v2-neoforge-21.1.84.jar, locator: jarinjar, reader: mod manifest]
[00:13:47] [main/INFO] (ModDiscoverer) 
     Mod List:
		Name Version (Mod Id)

		Architectury 13.0.8 (architectury)
		generated_d4d2a3b 1 (generated_d4d2a3b)
		Minecraft 1.21.1 (minecraft)
		NeoForge 21.1.84 (neoforge)
		Yuushya Modelling 2.2.0 (yuushya_modelling)
[00:13:48] [main/INFO] (LaunchServiceHandler) Launching target 'forgeclientuserdev' with arguments [--version, 21.1.84, --gameDir, ., --assetsDir, E:\.gradle\caches\fabric-loom\assets, --assetIndex, 1.21.1-17]
[00:13:48] [main/INFO] (unprotect) Found 8254 Minecraft classes
[00:13:48] [main/INFO] (MixinExtras|Service) Initializing MixinExtras via com.llamalad7.mixinextras.service.MixinExtrasServiceImpl(version=0.4.1).
[232月2025 00:13:49.710] [Datafixer Bootstrap/INFO] [com.mojang.datafixers.DataFixerBuilder/]: 229 Datafixer optimizations took 313 milliseconds
[232月2025 00:13:54.170] [main/WARN] [net.minecraft.commands.Commands/]: Ambiguity between arguments [teleport, location] and [teleport, destination] with inputs: [0.1 -0.5 .9, 0 0 0]
[232月2025 00:13:54.172] [main/WARN] [net.minecraft.commands.Commands/]: Ambiguity between arguments [teleport, location] and [teleport, targets] with inputs: [0.1 -0.5 .9, 0 0 0]
[232月2025 00:13:54.175] [main/WARN] [net.minecraft.commands.Commands/]: Ambiguity between arguments [teleport, destination] and [teleport, targets] with inputs: [Player, 0123, @e, dd12be42-52a9-4a91-a8a1-11c01849e498]
[232月2025 00:13:54.176] [main/WARN] [net.minecraft.commands.Commands/]: Ambiguity between arguments [teleport, targets] and [teleport, destination] with inputs: [Player, 0123, dd12be42-52a9-4a91-a8a1-11c01849e498]
[232月2025 00:13:54.178] [main/WARN] [net.minecraft.commands.Commands/]: Ambiguity between arguments [teleport, targets, location] and [teleport, targets, destination] with inputs: [0.1 -0.5 .9, 0 0 0]
[232月2025 00:13:54.290] [Render thread/WARN] [net.minecraft.server.packs.VanillaPackResourcesBuilder/]: Assets URL 'union:/E:/.gradle/caches/fabric-loom/minecraftMaven/net/minecraft/neoforge-21.1.84-minecraft-merged/1.21.1-loom.mappings.1_21_1.layered+hash.40359-v2-neoforge-21.1.84/neoforge-21.1.84-minecraft-merged-1.21.1-loom.mappings.1_21_1.layered+hash.40359-v2-neoforge-21.1.84.jar%23191!/assets/.mcassetsroot' uses unexpected schema
[232月2025 00:13:54.291] [Render thread/WARN] [net.minecraft.server.packs.VanillaPackResourcesBuilder/]: Assets URL 'union:/E:/.gradle/caches/fabric-loom/minecraftMaven/net/minecraft/neoforge-21.1.84-minecraft-merged/1.21.1-loom.mappings.1_21_1.layered+hash.40359-v2-neoforge-21.1.84/neoforge-21.1.84-minecraft-merged-1.21.1-loom.mappings.1_21_1.layered+hash.40359-v2-neoforge-21.1.84.jar%23191!/data/.mcassetsroot' uses unexpected schema
[232月2025 00:13:54.313] [Render thread/INFO] [com.mojang.authlib.yggdrasil.YggdrasilAuthenticationService/]: Environment: Environment[sessionHost=https://sessionserver.mojang.com, servicesHost=https://api.minecraftservices.com, name=PROD]
[232月2025 00:13:54.321] [Render thread/INFO] [net.minecraft.client.Minecraft/]: Setting user: Dev
[232月2025 00:13:54.397] [Render thread/INFO] [net.minecraft.client.Minecraft/]: Backend library: LWJGL version 3.3.3+5
[232月2025 00:13:54.585] [modloading-worker-0/INFO] [net.neoforged.neoforge.common.NeoForgeMod/NEOFORGE-MOD]: NeoForge mod loading, version 21.1.84, for MC 1.21.1
[232月2025 00:13:55.602] [Render thread/INFO] [net.neoforged.neoforge.gametest.GameTestHooks/]: Enabled Gametest Namespaces: []
[232月2025 00:13:55.731] [Render thread/INFO] [net.minecraft.server.packs.resources.ReloadableResourceManager/]: Reloading ResourceManager: vanilla, mod_resources, mod/architectury, mod/yuushya_modelling, mod/generated_d4d2a3b, mod/neoforge
[232月2025 00:13:55.807] [Worker-Main-13/INFO] [net.minecraft.client.gui.font.providers.UnihexProvider/]: Found unifont_all_no_pua-15.1.05.hex, loading
[232月2025 00:13:55.992] [Worker-Main-8/INFO] [net.minecraft.client.gui.font.providers.UnihexProvider/]: Found unifont_jp_patch-15.1.05.hex, loading
[232月2025 00:13:56.866] [Worker-Main-15/WARN] [net.minecraft.client.resources.model.ModelManager/]: Missing textures in model yuushya:pos_trans_item#inventory:
    minecraft:textures/atlas/blocks.png:yuushya:item//wrench/translate_x
[232月2025 00:13:57.096] [Render thread/WARN] [net.minecraft.client.sounds.SoundEngine/]: Missing sound for event: minecraft:item.goat_horn.play
[232月2025 00:13:57.096] [Render thread/WARN] [net.minecraft.client.sounds.SoundEngine/]: Missing sound for event: minecraft:entity.goat.screaming.horn_break
[232月2025 00:13:57.331] [Render thread/INFO] [com.mojang.blaze3d.audio.Library/]: OpenAL initialized on device OpenAL Soft on 耳机 (Realtek(R) Audio)
[232月2025 00:13:57.331] [Render thread/INFO] [net.minecraft.client.sounds.SoundEngine/SOUNDS]: Sound engine started
[232月2025 00:13:57.422] [Render thread/INFO] [net.minecraft.client.renderer.texture.TextureAtlas/]: Created: 1024x512x4 minecraft:textures/atlas/blocks.png-atlas
[232月2025 00:13:57.432] [Render thread/INFO] [net.minecraft.client.renderer.texture.TextureAtlas/]: Created: 256x256x4 minecraft:textures/atlas/signs.png-atlas
[232月2025 00:13:57.432] [Render thread/INFO] [net.minecraft.client.renderer.texture.TextureAtlas/]: Created: 512x512x4 minecraft:textures/atlas/shield_patterns.png-atlas
[232月2025 00:13:57.433] [Render thread/INFO] [net.minecraft.client.renderer.texture.TextureAtlas/]: Created: 512x512x4 minecraft:textures/atlas/banner_patterns.png-atlas
[232月2025 00:13:57.434] [Render thread/INFO] [net.minecraft.client.renderer.texture.TextureAtlas/]: Created: 1024x1024x4 minecraft:textures/atlas/armor_trims.png-atlas
[232月2025 00:13:57.437] [Render thread/INFO] [net.minecraft.client.renderer.texture.TextureAtlas/]: Created: 256x256x4 minecraft:textures/atlas/chest.png-atlas
[232月2025 00:13:57.437] [Render thread/INFO] [net.minecraft.client.renderer.texture.TextureAtlas/]: Created: 128x64x4 minecraft:textures/atlas/decorated_pot.png-atlas
[232月2025 00:13:57.437] [Render thread/INFO] [net.minecraft.client.renderer.texture.TextureAtlas/]: Created: 512x256x4 minecraft:textures/atlas/beds.png-atlas
[232月2025 00:13:57.438] [Render thread/INFO] [net.minecraft.client.renderer.texture.TextureAtlas/]: Created: 512x256x4 minecraft:textures/atlas/shulker_boxes.png-atlas
[232月2025 00:13:57.583] [Render thread/INFO] [net.minecraft.client.renderer.texture.TextureAtlas/]: Created: 512x256x0 minecraft:textures/atlas/particles.png-atlas
[232月2025 00:13:57.584] [Render thread/INFO] [net.minecraft.client.renderer.texture.TextureAtlas/]: Created: 512x256x0 minecraft:textures/atlas/paintings.png-atlas
[232月2025 00:13:57.586] [Render thread/INFO] [net.minecraft.client.renderer.texture.TextureAtlas/]: Created: 256x128x0 minecraft:textures/atlas/mob_effects.png-atlas
[232月2025 00:13:57.586] [Render thread/INFO] [net.minecraft.client.renderer.texture.TextureAtlas/]: Created: 64x64x0 minecraft:textures/atlas/map_decorations.png-atlas
[232月2025 00:13:57.586] [Render thread/INFO] [net.minecraft.client.renderer.texture.TextureAtlas/]: Created: 1024x512x0 minecraft:textures/atlas/gui.png-atlas
[232月2025 00:13:57.610] [Render thread/WARN] [net.minecraft.client.renderer.ShaderInstance/]: Shader rendertype_entity_translucent_emissive could not find sampler named Sampler2 in the specified shader program.
[232月2025 00:13:57.665] [Render thread/INFO] [net.neoforged.neoforge.client.entity.animation.json.AnimationLoader/]: Loaded 0 entity animations
[232月2025 00:14:04.626] [Render thread/INFO] [net.minecraft.world.item.crafting.RecipeManager/]: Loaded 1290 recipes
[232月2025 00:14:04.774] [Render thread/INFO] [net.minecraft.advancements.AdvancementTree/]: Loaded 1399 advancements
[232月2025 00:14:05.279] [Server thread/INFO] [net.minecraft.client.server.IntegratedServer/]: Starting integrated minecraft server version 1.21.1
[232月2025 00:14:05.279] [Server thread/INFO] [net.minecraft.server.MinecraftServer/]: Generating keypair
[232月2025 00:14:05.512] [Server thread/INFO] [net.minecraft.server.MinecraftServer/]: Preparing start region for dimension minecraft:overworld
[232月2025 00:14:05.692] [progressListener/INFO] [net.minecraft.server.level.progress.LoggerChunkProgressListener/]: 准备生成区域中：0%
[232月2025 00:14:05.714] [progressListener/INFO] [net.minecraft.server.level.progress.LoggerChunkProgressListener/]: Time elapsed: 192 ms
[232月2025 00:14:05.716] [Server thread/INFO] [net.neoforged.neoforge.server.permission.PermissionAPI/]: Successfully initialized permission handler neoforge:default_handler
[232月2025 00:14:05.743] [Server thread/INFO] [net.minecraft.client.server.IntegratedServer/]: Changing view distance to 12, from 10
[232月2025 00:14:05.743] [Server thread/INFO] [net.minecraft.client.server.IntegratedServer/]: Changing simulation distance to 12, from 0
[232月2025 00:14:06.452] [Server thread/INFO] [net.minecraft.server.players.PlayerList/]: Dev[local:E:a7d13e66] logged in with entity id 1 at (-1.6125419304108435, -60.0, 4.200173997278621)
[232月2025 00:14:06.494] [Server thread/INFO] [net.minecraft.server.MinecraftServer/]: Dev加入了游戏
[232月2025 00:14:06.628] [Render thread/INFO] [net.minecraft.advancements.AdvancementTree/]: Loaded 16 advancements
[232月2025 00:19:59.907] [Render thread/INFO] [net.minecraft.client.Minecraft/]: Stopping!
[232月2025 00:19:59.971] [Server thread/INFO] [net.minecraft.server.network.ServerGamePacketListenerImpl/]: Dev lost connection: 连接中断
[232月2025 00:19:59.971] [Server thread/INFO] [net.minecraft.server.MinecraftServer/]: Dev退出了游戏
[232月2025 00:19:59.984] [Server thread/INFO] [net.minecraft.server.network.ServerCommonPacketListenerImpl/]: Stopping singleplayer server as player logged out
[232月2025 00:20:00.036] [Server thread/INFO] [net.minecraft.server.MinecraftServer/]: Stopping server
[232月2025 00:20:00.036] [Server thread/INFO] [net.minecraft.server.MinecraftServer/]: Saving players
[232月2025 00:20:00.036] [Server thread/INFO] [net.minecraft.server.MinecraftServer/]: Saving worlds
[232月2025 00:20:00.147] [Server thread/INFO] [net.minecraft.server.MinecraftServer/]: Saving chunks for level 'ServerLevel[新的世界]'/minecraft:overworld
[232月2025 00:20:00.166] [Server thread/INFO] [net.minecraft.server.MinecraftServer/]: Saving chunks for level 'ServerLevel[新的世界]'/minecraft:the_end
[232月2025 00:20:00.172] [Server thread/INFO] [net.minecraft.server.MinecraftServer/]: Saving chunks for level 'ServerLevel[新的世界]'/minecraft:the_nether
[232月2025 00:20:00.183] [Server thread/INFO] [net.minecraft.server.MinecraftServer/]: ThreadedAnvilChunkStorage (新的世界): All chunks are saved
[232月2025 00:20:00.183] [Server thread/INFO] [net.minecraft.server.MinecraftServer/]: ThreadedAnvilChunkStorage (DIM1): All chunks are saved
[232月2025 00:20:00.183] [Server thread/INFO] [net.minecraft.server.MinecraftServer/]: ThreadedAnvilChunkStorage (DIM-1): All chunks are saved
[232月2025 00:20:00.183] [Server thread/INFO] [net.minecraft.server.MinecraftServer/]: ThreadedAnvilChunkStorage: All dimensions are saved
